#-----------------------------------------------------------
# Vivado v2018.2 (64-bit)
# SW Build 2258646 on Thu Jun 14 20:03:12 MDT 2018
# IP Build 2256618 on Thu Jun 14 22:10:49 MDT 2018
# Start of session at: Thu Apr  1 01:00:38 2021
# Process ID: 12668
# Current directory: E:/Lab 9-10
# Command line: vivado.exe -gui_launcher_event rodinguilauncherevent7948 E:\Lab 9-10\Lab 9-10.xpr
# Log file: E:/Lab 9-10/vivado.log
# Journal file: E:/Lab 9-10\vivado.jou
#-----------------------------------------------------------
start_gui
open_project {E:/Lab 9-10/Lab 9-10.xpr}
update_compile_order -fileset sources_1
set_property SOURCE_SET sources_1 [get_filesets sim_1]
close [ open {E:/Lab 9-10/Lab 9-10.srcs/sim_1/new/nanoprocessor_sim.vhd} w ]
add_files -fileset sim_1 {{E:/Lab 9-10/Lab 9-10.srcs/sim_1/new/nanoprocessor_sim.vhd}}
update_compile_order -fileset sim_1
# Disabling source management mode.  This is to allow the top design properties to be set without GUI intervention.
set_property source_mgmt_mode None [current_project]
set_property top nanoprocessor_sim [get_filesets sim_1]
set_property top_lib xil_defaultlib [get_filesets sim_1]
# Re-enabling previously disabled source management mode.
set_property source_mgmt_mode All [current_project]
update_compile_order -fileset sim_1
file mkdir E:/Lab 9-10/Lab 9-10.srcs/constrs_1
file mkdir E:/Lab 9-10/Lab 9-10.srcs/constrs_1
file mkdir E:/Lab 9-10/Lab 9-10.srcs/constrs_1/new
file mkdir E:/Lab 9-10/Lab 9-10.srcs/constrs_1/new
file mkdir E:/Lab 9-10/Lab 9-10.srcs/constrs_1/new
file mkdir E:/Lab 9-10/Lab 9-10.srcs/constrs_1/new
file mkdir E:/Lab 9-10/Lab 9-10.srcs/constrs_1/new
file mkdir E:/Lab 9-10/Lab 9-10.srcs/constrs_1/new
file mkdir E:/Lab 9-10/Lab 9-10.srcs/constrs_1
file mkdir {E:/Lab 9-10/Lab 9-10.srcs/constrs_1/new}
close [ open {E:/Lab 9-10/Lab 9-10.srcs/constrs_1/new/nanoprocessor_xdc.xdc} w ]
add_files -fileset constrs_1 {{E:/Lab 9-10/Lab 9-10.srcs/constrs_1/new/nanoprocessor_xdc.xdc}}
